Archive member included to satisfy reference by file (symbol)

c:/program files (x86)/atmel/studio/7.0/toolchain/arm/arm-gnu-toolchain/bin/../lib/gcc/arm-none-eabi/6.3.1/thumb/v7-m\libgcc.a(_arm_addsubdf3.o)
                              PWM.o (__aeabi_dsub)
c:/program files (x86)/atmel/studio/7.0/toolchain/arm/arm-gnu-toolchain/bin/../lib/gcc/arm-none-eabi/6.3.1/thumb/v7-m\libgcc.a(_arm_muldivdf3.o)
                              motorbox_interface.o (__aeabi_dmul)
c:/program files (x86)/atmel/studio/7.0/toolchain/arm/arm-gnu-toolchain/bin/../lib/gcc/arm-none-eabi/6.3.1/thumb/v7-m\libgcc.a(_arm_cmpdf2.o)
                              PWM.o (__aeabi_dcmplt)
c:/program files (x86)/atmel/studio/7.0/toolchain/arm/arm-gnu-toolchain/bin/../lib/gcc/arm-none-eabi/6.3.1/thumb/v7-m\libgcc.a(_arm_fixunsdfsi.o)
                              PID.o (__aeabi_d2uiz)
c:/program files (x86)/atmel/studio/7.0/toolchain/arm/arm-gnu-toolchain/bin/../lib/gcc/arm-none-eabi/6.3.1/thumb/v7-m\libgcc.a(_arm_addsubsf3.o)
                              PID.o (__aeabi_fsub)
c:/program files (x86)/atmel/studio/7.0/toolchain/arm/arm-gnu-toolchain/bin/../lib/gcc/arm-none-eabi/6.3.1/thumb/v7-m\libgcc.a(_arm_muldivsf3.o)
                              PID.o (__aeabi_fmul)
c:/program files (x86)/atmel/studio/7.0/toolchain/arm/arm-gnu-toolchain/bin/../lib/gcc/arm-none-eabi/6.3.1/thumb/v7-m\libgcc.a(_arm_cmpsf2.o)
                              PID.o (__aeabi_fcmplt)
c:/program files (x86)/atmel/studio/7.0/toolchain/arm/arm-gnu-toolchain/bin/../lib/gcc/arm-none-eabi/6.3.1/thumb/v7-m\libgcc.a(_arm_fixsfsi.o)
                              PID.o (__aeabi_f2iz)
c:/program files (x86)/atmel/studio/7.0/toolchain/arm/arm-gnu-toolchain/bin/../lib/gcc/arm-none-eabi/6.3.1/thumb/v7-m\libgcc.a(_arm_fixunssfsi.o)
                              tc_interrupt.o (__aeabi_f2uiz)
c:/program files (x86)/atmel/studio/7.0/toolchain/arm/arm-gnu-toolchain/bin/../lib/gcc/arm-none-eabi/6.3.1/../../../../arm-none-eabi/lib/thumb/v7-m\libc.a(lib_a-exit.o)
                              c:/program files (x86)/atmel/studio/7.0/toolchain/arm/arm-gnu-toolchain/bin/../lib/gcc/arm-none-eabi/6.3.1/../../../../arm-none-eabi/lib/thumb/v7-m/crt0.o (exit)
c:/program files (x86)/atmel/studio/7.0/toolchain/arm/arm-gnu-toolchain/bin/../lib/gcc/arm-none-eabi/6.3.1/../../../../arm-none-eabi/lib/thumb/v7-m\libc.a(lib_a-impure.o)
                              c:/program files (x86)/atmel/studio/7.0/toolchain/arm/arm-gnu-toolchain/bin/../lib/gcc/arm-none-eabi/6.3.1/../../../../arm-none-eabi/lib/thumb/v7-m\libc.a(lib_a-exit.o) (_global_impure_ptr)
c:/program files (x86)/atmel/studio/7.0/toolchain/arm/arm-gnu-toolchain/bin/../lib/gcc/arm-none-eabi/6.3.1/../../../../arm-none-eabi/lib/thumb/v7-m\libc.a(lib_a-init.o)
                              c:/program files (x86)/atmel/studio/7.0/toolchain/arm/arm-gnu-toolchain/bin/../lib/gcc/arm-none-eabi/6.3.1/../../../../arm-none-eabi/lib/thumb/v7-m/crt0.o (__libc_init_array)
c:/program files (x86)/atmel/studio/7.0/toolchain/arm/arm-gnu-toolchain/bin/../lib/gcc/arm-none-eabi/6.3.1/../../../../arm-none-eabi/lib/thumb/v7-m\libc.a(lib_a-memset.o)
                              c:/program files (x86)/atmel/studio/7.0/toolchain/arm/arm-gnu-toolchain/bin/../lib/gcc/arm-none-eabi/6.3.1/../../../../arm-none-eabi/lib/thumb/v7-m/crt0.o (memset)
c:/program files (x86)/atmel/studio/7.0/toolchain/arm/arm-gnu-toolchain/bin/../lib/gcc/arm-none-eabi/6.3.1/../../../../arm-none-eabi/lib/thumb/v7-m\libc.a(lib_a-__call_atexit.o)
                              c:/program files (x86)/atmel/studio/7.0/toolchain/arm/arm-gnu-toolchain/bin/../lib/gcc/arm-none-eabi/6.3.1/../../../../arm-none-eabi/lib/thumb/v7-m\libc.a(lib_a-exit.o) (__call_exitprocs)
c:/program files (x86)/atmel/studio/7.0/toolchain/arm/arm-gnu-toolchain/bin/../lib/gcc/arm-none-eabi/6.3.1/../../../../arm-none-eabi/lib/thumb/v7-m\libc.a(lib_a-atexit.o)
                              c:/program files (x86)/atmel/studio/7.0/toolchain/arm/arm-gnu-toolchain/bin/../lib/gcc/arm-none-eabi/6.3.1/../../../../arm-none-eabi/lib/thumb/v7-m\libc.a(lib_a-__call_atexit.o) (atexit)
c:/program files (x86)/atmel/studio/7.0/toolchain/arm/arm-gnu-toolchain/bin/../lib/gcc/arm-none-eabi/6.3.1/../../../../arm-none-eabi/lib/thumb/v7-m\libc.a(lib_a-fini.o)
                              c:/program files (x86)/atmel/studio/7.0/toolchain/arm/arm-gnu-toolchain/bin/../lib/gcc/arm-none-eabi/6.3.1/../../../../arm-none-eabi/lib/thumb/v7-m\libc.a(lib_a-__call_atexit.o) (__libc_fini_array)
c:/program files (x86)/atmel/studio/7.0/toolchain/arm/arm-gnu-toolchain/bin/../lib/gcc/arm-none-eabi/6.3.1/../../../../arm-none-eabi/lib/thumb/v7-m\libc.a(lib_a-lock.o)
                              c:/program files (x86)/atmel/studio/7.0/toolchain/arm/arm-gnu-toolchain/bin/../lib/gcc/arm-none-eabi/6.3.1/../../../../arm-none-eabi/lib/thumb/v7-m\libc.a(lib_a-__call_atexit.o) (__retarget_lock_acquire_recursive)
[...]
Memory Configuration

Name             Origin             Length             Attributes
rom              0x00080000         0x00080000         xr
ram              0x20000000         0x00018000         xrw
*default*        0x00000000         0xffffffff

Linker script and memory map

LOAD c:/program files (x86)/atmel/studio/7.0/toolchain/arm/arm-gnu-toolchain/bin/../lib/gcc/arm-none-eabi/6.3.1/thumb/v7-m/crti.o
LOAD c:/program files (x86)/atmel/studio/7.0/toolchain/arm/arm-gnu-toolchain/bin/../lib/gcc/arm-none-eabi/6.3.1/thumb/v7-m/crtbegin.o
LOAD c:/program files (x86)/atmel/studio/7.0/toolchain/arm/arm-gnu-toolchain/bin/../lib/gcc/arm-none-eabi/6.3.1/../../../../arm-none-eabi/lib/thumb/v7-m/crt0.o
LOAD adc.o
LOAD can_controller.o
LOAD can_interrupt.o
LOAD dac.o
LOAD Device_Startup/startup_sam3xa.o
LOAD Device_Startup/system_sam3xa.o
LOAD main.o
LOAD motorbox_interface.o
LOAD PID.o
LOAD printf-stdarg.o
LOAD PWM.o
LOAD tc_interrupt.o
LOAD timer.o
LOAD uart.o
START GROUP
LOAD c:/program files (x86)/atmel/studio/7.0/toolchain/arm/arm-gnu-toolchain/bin/../lib/gcc/arm-none-eabi/6.3.1/../../../../arm-none-eabi/lib/thumb/v7-m\libm.a
END GROUP
START GROUP
LOAD c:/program files (x86)/atmel/studio/7.0/toolchain/arm/arm-gnu-toolchain/bin/../lib/gcc/arm-none-eabi/6.3.1/thumb/v7-m\libgcc.a
LOAD c:/program files (x86)/atmel/studio/7.0/toolchain/arm/arm-gnu-toolchain/bin/../lib/gcc/arm-none-eabi/6.3.1/../../../../arm-none-eabi/lib/thumb/v7-m\libc.a
END GROUP
LOAD c:/program files (x86)/atmel/studio/7.0/toolchain/arm/arm-gnu-toolchain/bin/../lib/gcc/arm-none-eabi/6.3.1/thumb/v7-m/crtend.o
LOAD c:/program files (x86)/atmel/studio/7.0/toolchain/arm/arm-gnu-toolchain/bin/../lib/gcc/arm-none-eabi/6.3.1/thumb/v7-m/crtn.o
                0x00000400                STACK_SIZE = DEFINED (STACK_SIZE)?STACK_SIZE:0x400
                0x00000200                HEAP_SIZE = DEFINED (HEAP_SIZE)?HEAP_SIZE:0x200

.text           0x00080000     0x21ac
                0x00080000                . = ALIGN (0x4)
                0x00080000                _sfixed = .
 *(.vectors .vectors.*)
 .vectors       0x00080000       0xf4 Device_Startup/startup_sam3xa.o
                0x00080000                exception_table
 *(.text .text.* .gnu.linkonce.t.*)
 .text          0x000800f4       0x6c c:/program files (x86)/atmel/studio/7.0/toolchain/arm/arm-gnu-toolchain/bin/../lib/gcc/arm-none-eabi/6.3.1/thumb/v7-m/crtbegin.o
 .text.adc_init
                0x00080160       0x44 adc.o
                0x00080160                adc_init
 .text.adc_read
                0x000801a4        0xc adc.o
                0x000801a4                adc_read
 .text.can_init
                0x000801b0       0xe4 can_controller.o
                0x000801b0                can_init
 .text.can_init_def_tx_rx_mb
                0x00080294       0x10 can_controller.o
                0x00080294                can_init_def_tx_rx_mb
 .text.can_receive
                0x000802a4       0x84 can_controller.o
                0x000802a4                can_receive
 .text.CAN0_Handler
                0x00080328       0x9c can_interrupt.o
                0x00080328                CAN0_Handler
 .text.dac_write
                0x000803c4       0x14 dac.o
                0x000803c4                dac_write
 .text.dac_init
                0x000803d8       0x4c dac.o
                0x000803d8                dac_init
 .text.Dummy_Handler
                0x00080424        0x2 Device_Startup/startup_sam3xa.o
                0x00080424                DACC_Handler
                0x00080424                DebugMon_Handler
                0x00080424                DMAC_Handler
                0x00080424                TRNG_Handler
                0x00080424                HardFault_Handler
                0x00080424                USART3_Handler
                0x00080424                TWI1_Handler
                0x00080424                PendSV_Handler
                0x00080424                NMI_Handler
                0x00080424                TC7_Handler
                0x00080424                ADC_Handler
                0x00080424                SMC_Handler
                0x00080424                USART0_Handler
                0x00080424                RTT_Handler
                0x00080424                EFC1_Handler
                0x00080424                PIOB_Handler
                0x00080424                RTC_Handler
                0x00080424                UsageFault_Handler
                0x00080424                TC6_Handler
                0x00080424                WDT_Handler
                0x00080424                TC4_Handler
                0x00080424                HSMCI_Handler
                0x00080424                TC3_Handler
                0x00080424                Dummy_Handler
                0x00080424                TWI0_Handler
                0x00080424                USART1_Handler
                0x00080424                PIOA_Handler
                0x00080424                SSC_Handler
                0x00080424                EFC0_Handler
                0x00080424                PMC_Handler
                0x00080424                PWM_Handler
                0x00080424                CAN1_Handler
                0x00080424                MemManage_Handler
                0x00080424                SUPC_Handler
                0x00080424                SVC_Handler
                0x00080424                TC8_Handler
                0x00080424                USART2_Handler
                0x00080424                PIOD_Handler
                0x00080424                EMAC_Handler
                0x00080424                PIOC_Handler
                0x00080424                BusFault_Handler
                0x00080424                RSTC_Handler
                0x00080424                TC5_Handler
                0x00080424                UOTGHS_Handler
                0x00080424                SPI0_Handler
 *fill*         0x00080426        0x2 
 .text.Reset_Handler
                0x00080428       0x6c Device_Startup/startup_sam3xa.o
                0x00080428                Reset_Handler
 .text.SystemInit
                0x00080494       0xa4 Device_Startup/system_sam3xa.o
                0x00080494                SystemInit
 .text.test_light
                0x00080538       0x20 main.o
                0x00080538                test_light
 .text.main     0x00080558       0xac main.o
                0x00080558                main
 .text.enable_motor
                0x00080604       0x10 motorbox_interface.o
                0x00080604                enable_motor
 .text.disable_motor
                0x00080614       0x10 motorbox_interface.o
                0x00080614                disable_motor
 .text.change_motor_direction
                0x00080624       0x20 motorbox_interface.o
                0x00080624                change_motor_direction
 .text.change_motor_speed
                0x00080644       0x38 motorbox_interface.o
                0x00080644                change_motor_speed
 .text.MJ2_read
                0x0008067c       0x10 motorbox_interface.o
                0x0008067c                MJ2_read
 .text.get_motor_position
                0x0008068c       0x58 motorbox_interface.o
                0x0008068c                get_motor_position
 .text.motor_init
                0x000806e4      0x120 motorbox_interface.o
                0x000806e4                motor_init
 .text.solenoid_shoot
                0x00080804       0x34 motorbox_interface.o
                0x00080804                solenoid_shoot
 .text.change_head_angle
                0x00080838       0x50 motorbox_interface.o
                0x00080838                change_head_angle
 .text.PID_controller_reset_error
                0x00080888       0x10 PID.o
                0x00080888                PID_controller_reset_error
 .text.PID_controller_init
                0x00080898       0x24 PID.o
                0x00080898                PID_controller_init
 *fill*         0x000808bc        0x4 
 .text.PID_controller
                0x000808c0       0xf8 PID.o
                0x000808c0                PID_controller
 .text.printchar
                0x000809b8       0x10 printf-stdarg.o
 .text.prints   0x000809c8       0x84 printf-stdarg.o
 .text.printi   0x00080a4c       0xac printf-stdarg.o
 .text.print    0x00080af8      0x150 printf-stdarg.o
 .text.printf   0x00080c48       0x24 printf-stdarg.o
                0x00080c48                printf
 .text.pwm_init
                0x00080c6c       0x64 PWM.o
                0x00080c6c                pwm_init
 .text.pwm_set_dutycycle
                0x00080cd0       0x8c PWM.o
                0x00080cd0                pwm_set_dutycycle
 .text.init_TCn
                0x00080d5c       0xc8 tc_interrupt.o
                0x00080d5c                init_TCn
 .text.TC0_Handler
                0x00080e24       0x40 tc_interrupt.o
                0x00080e24                TC0_Handler
 .text.TC1_Handler
                0x00080e64       0x4c tc_interrupt.o
                0x00080e64                TC1_Handler
 .text.TC2_Handler
                0x00080eb0       0x50 tc_interrupt.o
                0x00080eb0                TC2_Handler
 .text.SysTick_init_us
                0x00080f00       0x34 timer.o
 .text.delay_ms
                0x00080f34       0x20 timer.o
                0x00080f34                delay_ms
 .text.delay_us
                0x00080f54       0x20 timer.o
                0x00080f54                delay_us
 .text.SysTick_Handler
                0x00080f74       0x20 timer.o
                0x00080f74                SysTick_Handler
 .text.configure_uart
                0x00080f94       0x68 uart.o
                0x00080f94                configure_uart
 .text.uart_putchar
                0x00080ffc       0x24 uart.o
                0x00080ffc                uart_putchar
 .text.UART_Handler
                0x00081020       0x68 uart.o
                0x00081020                UART_Handler
 .text          0x00081088      0x370 c:/program files (x86)/atmel/studio/7.0/toolchain/arm/arm-gnu-toolchain/bin/../lib/gcc/arm-none-eabi/6.3.1/thumb/v7-m\libgcc.a(_arm_addsubdf3.o)
                0x00081088                __aeabi_drsub
                0x00081090                __aeabi_dsub
                0x00081090                __subdf3
                0x00081094                __aeabi_dadd
                0x00081094                __adddf3
                0x0008130c                __floatunsidf
                0x0008130c                __aeabi_ui2d
                0x0008132c                __floatsidf
                0x0008132c                __aeabi_i2d
                0x00081350                __aeabi_f2d
                0x00081350                __extendsfdf2
                0x0008138c                __floatundidf
                0x0008138c                __aeabi_ul2d
                0x0008139c                __floatdidf
                0x0008139c                __aeabi_l2d
 .text          0x000813f8      0x424 c:/program files (x86)/atmel/studio/7.0/toolchain/arm/arm-gnu-toolchain/bin/../lib/gcc/arm-none-eabi/6.3.1/thumb/v7-m\libgcc.a(_arm_muldivdf3.o)
                0x000813f8                __aeabi_dmul
                0x000813f8                __muldf3
                0x0008164c                __divdf3
                0x0008164c                __aeabi_ddiv
 .text          0x0008181c      0x110 c:/program files (x86)/atmel/studio/7.0/toolchain/arm/arm-gnu-toolchain/bin/../lib/gcc/arm-none-eabi/6.3.1/thumb/v7-m\libgcc.a(_arm_cmpdf2.o)
                0x0008181c                __gtdf2
                0x0008181c                __gedf2
                0x00081824                __ltdf2
                0x00081824                __ledf2
                0x0008182c                __nedf2
                0x0008182c                __eqdf2
                0x0008182c                __cmpdf2
                0x000818a8                __aeabi_cdrcmple
                0x000818b8                __aeabi_cdcmpeq
                0x000818b8                __aeabi_cdcmple
                0x000818c8                __aeabi_dcmpeq
                0x000818dc                __aeabi_dcmplt
                0x000818f0                __aeabi_dcmple
                0x00081904                __aeabi_dcmpge
                0x00081918                __aeabi_dcmpgt
 .text          0x0008192c       0x40 c:/program files (x86)/atmel/studio/7.0/toolchain/arm/arm-gnu-toolchain/bin/../lib/gcc/arm-none-eabi/6.3.1/thumb/v7-m\libgcc.a(_arm_fixunsdfsi.o)
                0x0008192c                __aeabi_d2uiz
                0x0008192c                __fixunsdfsi
 .text          0x0008196c      0x21c c:/program files (x86)/atmel/studio/7.0/toolchain/arm/arm-gnu-toolchain/bin/../lib/gcc/arm-none-eabi/6.3.1/thumb/v7-m\libgcc.a(_arm_addsubsf3.o)
                0x0008196c                __aeabi_frsub
                0x00081974                __subsf3
                0x00081974                __aeabi_fsub
                0x00081978                __aeabi_fadd
                0x00081978                __addsf3
                0x00081ad8                __aeabi_ui2f
                0x00081ad8                __floatunsisf
                0x00081ae0                __aeabi_i2f
                0x00081ae0                __floatsisf
                0x00081afc                __aeabi_ul2f
                0x00081afc                __floatundisf
                0x00081b0c                __aeabi_l2f
                0x00081b0c                __floatdisf
 .text          0x00081b88      0x2a0 c:/program files (x86)/atmel/studio/7.0/toolchain/arm/arm-gnu-toolchain/bin/../lib/gcc/arm-none-eabi/6.3.1/thumb/v7-m\libgcc.a(_arm_muldivsf3.o)
                0x00081b88                __mulsf3
                0x00081b88                __aeabi_fmul
                0x00081cf0                __aeabi_fdiv
                0x00081cf0                __divsf3
 .text          0x00081e28       0xec c:/program files (x86)/atmel/studio/7.0/toolchain/arm/arm-gnu-toolchain/bin/../lib/gcc/arm-none-eabi/6.3.1/thumb/v7-m\libgcc.a(_arm_cmpsf2.o)
                0x00081e28                __gesf2
                0x00081e28                __gtsf2
                0x00081e30                __lesf2
                0x00081e30                __ltsf2
                0x00081e38                __nesf2
                0x00081e38                __eqsf2
                0x00081e38                __cmpsf2
                0x00081e98                __aeabi_cfrcmple
                0x00081ea0                __aeabi_cfcmpeq
                0x00081ea0                __aeabi_cfcmple
                0x00081eb0                __aeabi_fcmpeq
                0x00081ec4                __aeabi_fcmplt
                0x00081ed8                __aeabi_fcmple
                0x00081eec                __aeabi_fcmpge
                0x00081f00                __aeabi_fcmpgt
 .text          0x00081f14       0x4c c:/program files (x86)/atmel/studio/7.0/toolchain/arm/arm-gnu-toolchain/bin/../lib/gcc/arm-none-eabi/6.3.1/thumb/v7-m\libgcc.a(_arm_fixsfsi.o)
                0x00081f14                __aeabi_f2iz
                0x00081f14                __fixsfsi
 .text          0x00081f60       0x40 c:/program files (x86)/atmel/studio/7.0/toolchain/arm/arm-gnu-toolchain/bin/../lib/gcc/arm-none-eabi/6.3.1/thumb/v7-m\libgcc.a(_arm_fixunssfsi.o)
                0x00081f60                __fixunssfsi
                0x00081f60                __aeabi_f2uiz
 .text.__libc_init_array
                0x00081fa0       0x50 c:/program files (x86)/atmel/studio/7.0/toolchain/arm/arm-gnu-toolchain/bin/../lib/gcc/arm-none-eabi/6.3.1/../../../../arm-none-eabi/lib/thumb/v7-m\libc.a(lib_a-init.o)
                0x00081fa0                __libc_init_array
 .text.startup.register_fini
                0x00081ff0       0x14 c:/program files (x86)/atmel/studio/7.0/toolchain/arm/arm-gnu-toolchain/bin/../lib/gcc/arm-none-eabi/6.3.1/../../../../arm-none-eabi/lib/thumb/v7-m\libc.a(lib_a-__call_atexit.o)
 .text.atexit   0x00082004        0xc c:/program files (x86)/atmel/studio/7.0/toolchain/arm/arm-gnu-toolchain/bin/../lib/gcc/arm-none-eabi/6.3.1/../../../../arm-none-eabi/lib/thumb/v7-m\libc.a(lib_a-atexit.o)
                0x00082004                atexit
 .text.__libc_fini_array
                0x00082010       0x34 c:/program files (x86)/atmel/studio/7.0/toolchain/arm/arm-gnu-toolchain/bin/../lib/gcc/arm-none-eabi/6.3.1/../../../../arm-none-eabi/lib/thumb/v7-m\libc.a(lib_a-fini.o)
                0x00082010                __libc_fini_array
 .text.__retarget_lock_acquire_recursive
                0x00082044        0x4 c:/program files (x86)/atmel/studio/7.0/toolchain/arm/arm-gnu-toolchain/bin/../lib/gcc/arm-none-eabi/6.3.1/../../../../arm-none-eabi/lib/thumb/v7-m\libc.a(lib_a-lock.o)
                0x00082044                __retarget_lock_acquire_recursive
 .text.__retarget_lock_release_recursive
                0x00082048        0x4 c:/program files (x86)/atmel/studio/7.0/toolchain/arm/arm-gnu-toolchain/bin/../lib/gcc/arm-none-eabi/6.3.1/../../../../arm-none-eabi/lib/thumb/v7-m\libc.a(lib_a-lock.o)
                0x00082048                __retarget_lock_release_recursive
 .text.__register_exitproc
                0x0008204c       0xc4 c:/program files (x86)/atmel/studio/7.0/toolchain/arm/arm-gnu-toolchain/bin/../lib/gcc/arm-none-eabi/6.3.1/../../../../arm-none-eabi/lib/thumb/v7-m\libc.a(lib_a-__atexit.o)
                0x0008204c                __register_exitproc
 *(.glue_7t)
 .glue_7t       0x00082110        0x0 linker stubs
 *(.glue_7)
 .glue_7        0x00082110        0x0 linker stubs
 *(.rodata .rodata* .gnu.linkonce.r.*)
 .rodata.str1.4
                0x00082110       0x2b can_interrupt.o
 *fill*         0x0008213b        0x1 
 .rodata.str1.4
                0x0008213c        0xe main.o
 *fill*         0x0008214a        0x2 
 .rodata.str1.4
                0x0008214c        0x7 printf-stdarg.o
 *fill*         0x00082153        0x1 
 .rodata.str1.4
                0x00082154       0x10 tc_interrupt.o
 .rodata.str1.4
                0x00082164       0x20 uart.o
                                 0x1e (size before relaxing)
 .rodata._global_impure_ptr
                0x00082184        0x4 c:/program files (x86)/atmel/studio/7.0/toolchain/arm/arm-gnu-toolchain/bin/../lib/gcc/arm-none-eabi/6.3.1/../../../../arm-none-eabi/lib/thumb/v7-m\libc.a(lib_a-impure.o)
                0x00082184                _global_impure_ptr
 *(.ARM.extab* .gnu.linkonce.armextab.*)
                0x00082188                . = ALIGN (0x4)
 *(.init)
 .init          0x00082188        0x4 c:/program files (x86)/atmel/studio/7.0/toolchain/arm/arm-gnu-toolchain/bin/../lib/gcc/arm-none-eabi/6.3.1/thumb/v7-m/crti.o
                0x00082188                _init
 .init          0x0008218c        0x8 c:/program files (x86)/atmel/studio/7.0/toolchain/arm/arm-gnu-toolchain/bin/../lib/gcc/arm-none-eabi/6.3.1/thumb/v7-m/crtn.o
                0x00082194                . = ALIGN (0x4)
                0x00082194                __preinit_array_start = .
 *(.preinit_array)
                0x00082194                __preinit_array_end = .
                0x00082194                . = ALIGN (0x4)
                0x00082194                __init_array_start = .
 *(SORT(.init_array.*))
 .init_array.00000
                0x00082194        0x4 c:/program files (x86)/atmel/studio/7.0/toolchain/arm/arm-gnu-toolchain/bin/../lib/gcc/arm-none-eabi/6.3.1/../../../../arm-none-eabi/lib/thumb/v7-m\libc.a(lib_a-__call_atexit.o)
 *(.init_array)
 .init_array    0x00082198        0x4 c:/program files (x86)/atmel/studio/7.0/toolchain/arm/arm-gnu-toolchain/bin/../lib/gcc/arm-none-eabi/6.3.1/thumb/v7-m/crtbegin.o
                0x0008219c                __init_array_end = .
                0x0008219c                . = ALIGN (0x4)
 *crtbegin.o(.ctors)
 *(EXCLUDE_FILE(*crtend.o) .ctors)
 *(SORT(.ctors.*))
 *crtend.o(.ctors)
                0x0008219c                . = ALIGN (0x4)
 *(.fini)
 .fini          0x0008219c        0x4 c:/program files (x86)/atmel/studio/7.0/toolchain/arm/arm-gnu-toolchain/bin/../lib/gcc/arm-none-eabi/6.3.1/thumb/v7-m/crti.o
                0x0008219c                _fini
 .fini          0x000821a0        0x8 c:/program files (x86)/atmel/studio/7.0/toolchain/arm/arm-gnu-toolchain/bin/../lib/gcc/arm-none-eabi/6.3.1/thumb/v7-m/crtn.o
                0x000821a8                . = ALIGN (0x4)
                0x000821a8                __fini_array_start = .
 *(.fini_array)
 .fini_array    0x000821a8        0x4 c:/program files (x86)/atmel/studio/7.0/toolchain/arm/arm-gnu-toolchain/bin/../lib/gcc/arm-none-eabi/6.3.1/thumb/v7-m/crtbegin.o
 *(SORT(.fini_array.*))
                0x000821ac                __fini_array_end = .
 *crtbegin.o(.dtors)
 *(EXCLUDE_FILE(*crtend.o) .dtors)
 *(SORT(.dtors.*))
 *crtend.o(.dtors)
                0x000821ac                . = ALIGN (0x4)
                0x000821ac                _efixed = .
                [!provide]                PROVIDE (__exidx_start, .)

.vfp11_veneer   0x000821ac        0x0
 .vfp11_veneer  0x000821ac        0x0 linker stubs

.v4_bx          0x000821ac        0x0
 .v4_bx         0x000821ac        0x0 linker stubs

.iplt           0x000821ac        0x0
 .iplt          0x000821ac        0x0 c:/program files (x86)/atmel/studio/7.0/toolchain/arm/arm-gnu-toolchain/bin/../lib/gcc/arm-none-eabi/6.3.1/thumb/v7-m/crtbegin.o

.eh_frame       0x000821ac        0x0
 .eh_frame      0x000821ac        0x0 c:/program files (x86)/atmel/studio/7.0/toolchain/arm/arm-gnu-toolchain/bin/../lib/gcc/arm-none-eabi/6.3.1/thumb/v7-m/crtbegin.o

.rel.dyn        0x000821ac        0x0
 .rel.iplt      0x000821ac        0x0 c:/program files (x86)/atmel/studio/7.0/toolchain/arm/arm-gnu-toolchain/bin/../lib/gcc/arm-none-eabi/6.3.1/thumb/v7-m/crtbegin.o

.jcr            0x000821ac        0x0
 .jcr           0x000821ac        0x0 c:/program files (x86)/atmel/studio/7.0/toolchain/arm/arm-gnu-toolchain/bin/../lib/gcc/arm-none-eabi/6.3.1/thumb/v7-m/crtbegin.o

.igot.plt       0x000821ac        0x0
 .igot.plt      0x000821ac        0x0 c:/program files (x86)/atmel/studio/7.0/toolchain/arm/arm-gnu-toolchain/bin/../lib/gcc/arm-none-eabi/6.3.1/thumb/v7-m/crtbegin.o

.ARM.exidx
 *(.ARM.exidx* .gnu.linkonce.armexidx.*)
                [!provide]                PROVIDE (__exidx_end, .)
                0x000821ac                . = ALIGN (0x4)
                0x000821ac                _etext = .

.relocate       0x20000000      0x434 load address 0x000821ac
                0x20000000                . = ALIGN (0x4)
                0x20000000                _srelocate = .
 *(.ramfunc .ramfunc.*)
 *(.data .data.*)
 .data          0x20000000        0x4 Device_Startup/system_sam3xa.o
                0x20000000                SystemCoreClock
 *fill*         0x20000004        0x4 
 .data.impure_data
                0x20000008      0x428 c:/program files (x86)/atmel/studio/7.0/toolchain/arm/arm-gnu-toolchain/bin/../lib/gcc/arm-none-eabi/6.3.1/../../../../arm-none-eabi/lib/thumb/v7-m\libc.a(lib_a-impure.o)
 .data.__atexit_recursive_mutex
                0x20000430        0x4 c:/program files (x86)/atmel/studio/7.0/toolchain/arm/arm-gnu-toolchain/bin/../lib/gcc/arm-none-eabi/6.3.1/../../../../arm-none-eabi/lib/thumb/v7-m\libc.a(lib_a-__call_atexit.o)
                0x20000430                __atexit_recursive_mutex
                0x20000434                . = ALIGN (0x4)
                0x20000434                _erelocate = .

.bss            0x20000434       0xb4 load address 0x000825e0
                0x20000434                . = ALIGN (0x4)
                0x20000434                _sbss = .
                0x20000434                _szero = .
 *(.bss .bss.*)
 .bss           0x20000434       0x1c c:/program files (x86)/atmel/studio/7.0/toolchain/arm/arm-gnu-toolchain/bin/../lib/gcc/arm-none-eabi/6.3.1/thumb/v7-m/crtbegin.o
 .bss           0x20000450        0x1 motorbox_interface.o
                0x20000450                solenoid_out
 *fill*         0x20000451        0x3 
 .bss           0x20000454       0x20 PID.o
 .bss           0x20000474        0x4 timer.o
                0x20000474                wait
 *(COMMON)
 COMMON         0x20000478        0x4 adc.o
                0x20000478                IR
 COMMON         0x2000047c        0x2 motorbox_interface.o
                0x2000047c                MAX_ENCODER_VALUE
 COMMON         0x2000047e        0x1 PID.o
                0x2000047e                servo_reference
 *fill*         0x2000047f        0x1 
 COMMON         0x20000480       0x42 uart.o
                0x20000480                rx_buffer
 *fill*         0x200004c2        0x2 
 COMMON         0x200004c4       0x21 c:/program files (x86)/atmel/studio/7.0/toolchain/arm/arm-gnu-toolchain/bin/../lib/gcc/arm-none-eabi/6.3.1/../../../../arm-none-eabi/lib/thumb/v7-m\libc.a(lib_a-lock.o)
                0x200004c4                __lock___atexit_recursive_mutex
                0x200004c8                __lock___arc4random_mutex
                0x200004cc                __lock___env_recursive_mutex
                0x200004d0                __lock___sinit_recursive_mutex
                0x200004d4                __lock___malloc_recursive_mutex
                0x200004d8                __lock___at_quick_exit_mutex
                0x200004dc                __lock___dd_hash_mutex
                0x200004e0                __lock___tz_mutex
                0x200004e4                __lock___sfp_recursive_mutex
                0x200004e8                . = ALIGN (0x4)
 *fill*         0x200004e5        0x3 
                0x200004e8                _ebss = .
                0x200004e8                _ezero = .

.stack          0x200004e8      0x400 load address 0x00082694
                0x200004e8                . = ALIGN (0x8)
                0x200004e8                _sstack = .
                0x200008e8                . = (. + STACK_SIZE)
 *fill*         0x200004e8      0x400 
                0x200008e8                . = ALIGN (0x8)
                0x200008e8                _estack = .

.heap           0x200008e8      0x200 load address 0x00082a94
                0x200008e8                . = ALIGN (0x8)
                0x200008e8                _sheap = .
                0x20000ae8                . = (. + HEAP_SIZE)
 *fill*         0x200008e8      0x200 
                0x20000ae8                . = ALIGN (0x8)
                0x20000ae8                _eheap = .
                0x20000ae8                . = ALIGN (0x4)
                0x20000ae8                _end = .
                0x20017fff                _ram_end_ = ((ORIGIN (ram) + LENGTH (ram)) - 0x1)
OUTPUT(GccApplication2.elf elf32-littlearm)

.ARM.attributes
                0x00000000       0x29
 .ARM.attributes
                0x00000000       0x1d c:/program files (x86)/atmel/studio/7.0/toolchain/arm/arm-gnu-toolchain/bin/../lib/gcc/arm-none-eabi/6.3.1/thumb/v7-m/crti.o
 .ARM.attributes
                0x0000001d       0x2d c:/program files (x86)/atmel/studio/7.0/toolchain/arm/arm-gnu-toolchain/bin/../lib/gcc/arm-none-eabi/6.3.1/thumb/v7-m/crtbegin.o
 .ARM.attributes
                0x0000004a       0x33 adc.o
 .ARM.attributes
                0x0000007d       0x33 can_controller.o
 .ARM.attributes
                0x000000b0       0x33 can_interrupt.o
 .ARM.attributes
                0x000000e3       0x33 dac.o
 .ARM.attributes
                0x00000116       0x33 Device_Startup/startup_sam3xa.o
 .ARM.attributes
                0x00000149       0x33 Device_Startup/system_sam3xa.o
 .ARM.attributes
                0x0000017c       0x33 main.o
 .ARM.attributes
                0x000001af       0x33 motorbox_interface.o
 .ARM.attributes
                0x000001e2       0x33 PID.o
 .ARM.attributes
                0x00000215       0x33 printf-stdarg.o
 .ARM.attributes
                0x00000248       0x33 PWM.o
 .ARM.attributes
                0x0000027b       0x33 tc_interrupt.o
 .ARM.attributes
                0x000002ae       0x33 timer.o
 .ARM.attributes
                0x000002e1       0x33 uart.o
 .ARM.attributes
                0x00000314       0x1d c:/program files (x86)/atmel/studio/7.0/toolchain/arm/arm-gnu-toolchain/bin/../lib/gcc/arm-none-eabi/6.3.1/thumb/v7-m\libgcc.a(_arm_addsubdf3.o)
 .ARM.attributes
                0x00000331       0x1d c:/program files (x86)/atmel/studio/7.0/toolchain/arm/arm-gnu-toolchain/bin/../lib/gcc/arm-none-eabi/6.3.1/thumb/v7-m\libgcc.a(_arm_muldivdf3.o)
 .ARM.attributes
                0x0000034e       0x1d c:/program files (x86)/atmel/studio/7.0/toolchain/arm/arm-gnu-toolchain/bin/../lib/gcc/arm-none-eabi/6.3.1/thumb/v7-m\libgcc.a(_arm_cmpdf2.o)
 .ARM.attributes
                0x0000036b       0x1d c:/program files (x86)/atmel/studio/7.0/toolchain/arm/arm-gnu-toolchain/bin/../lib/gcc/arm-none-eabi/6.3.1/thumb/v7-m\libgcc.a(_arm_fixunsdfsi.o)
 .ARM.attributes
                0x00000388       0x1d c:/program files (x86)/atmel/studio/7.0/toolchain/arm/arm-gnu-toolchain/bin/../lib/gcc/arm-none-eabi/6.3.1/thumb/v7-m\libgcc.a(_arm_addsubsf3.o)
 .ARM.attributes
                0x000003a5       0x1d c:/program files (x86)/atmel/studio/7.0/toolchain/arm/arm-gnu-toolchain/bin/../lib/gcc/arm-none-eabi/6.3.1/thumb/v7-m\libgcc.a(_arm_muldivsf3.o)
 .ARM.attributes
                0x000003c2       0x1d c:/program files (x86)/atmel/studio/7.0/toolchain/arm/arm-gnu-toolchain/bin/../lib/gcc/arm-none-eabi/6.3.1/thumb/v7-m\libgcc.a(_arm_cmpsf2.o)
 .ARM.attributes
                0x000003df       0x1d c:/program files (x86)/atmel/studio/7.0/toolchain/arm/arm-gnu-toolchain/bin/../lib/gcc/arm-none-eabi/6.3.1/thumb/v7-m\libgcc.a(_arm_fixsfsi.o)
 .ARM.attributes
                0x000003fc       0x1d c:/program files (x86)/atmel/studio/7.0/toolchain/arm/arm-gnu-toolchain/bin/../lib/gcc/arm-none-eabi/6.3.1/thumb/v7-m\libgcc.a(_arm_fixunssfsi.o)
 .ARM.attributes
                0x00000419       0x2d c:/program files (x86)/atmel/studio/7.0/toolchain/arm/arm-gnu-toolchain/bin/../lib/gcc/arm-none-eabi/6.3.1/../../../../arm-none-eabi/lib/thumb/v7-m\libc.a(lib_a-impure.o)
 .ARM.attributes
                0x00000446       0x2d c:/program files (x86)/atmel/studio/7.0/toolchain/arm/arm-gnu-toolchain/bin/../lib/gcc/arm-none-eabi/6.3.1/../../../../arm-none-eabi/lib/thumb/v7-m\libc.a(lib_a-init.o)
 .ARM.attributes
                0x00000473       0x2d c:/program files (x86)/atmel/studio/7.0/toolchain/arm/arm-gnu-toolchain/bin/../lib/gcc/arm-none-eabi/6.3.1/../../../../arm-none-eabi/lib/thumb/v7-m\libc.a(lib_a-__call_atexit.o)
 .ARM.attributes
                0x000004a0       0x2d c:/program files (x86)/atmel/studio/7.0/toolchain/arm/arm-gnu-toolchain/bin/../lib/gcc/arm-none-eabi/6.3.1/../../../../arm-none-eabi/lib/thumb/v7-m\libc.a(lib_a-atexit.o)
 .ARM.attributes
                0x000004cd       0x2d c:/program files (x86)/atmel/studio/7.0/toolchain/arm/arm-gnu-toolchain/bin/../lib/gcc/arm-none-eabi/6.3.1/../../../../arm-none-eabi/lib/thumb/v7-m\libc.a(lib_a-fini.o)
 .ARM.attributes
                0x000004fa       0x2d c:/program files (x86)/atmel/studio/7.0/toolchain/arm/arm-gnu-toolchain/bin/../lib/gcc/arm-none-eabi/6.3.1/../../../../arm-none-eabi/lib/thumb/v7-m\libc.a(lib_a-lock.o)
 .ARM.attributes
                0x00000527       0x2d c:/program files (x86)/atmel/studio/7.0/toolchain/arm/arm-gnu-toolchain/bin/../lib/gcc/arm-none-eabi/6.3.1/../../../../arm-none-eabi/lib/thumb/v7-m\libc.a(lib_a-__atexit.o)
 .ARM.attributes
                0x00000554       0x1d c:/program files (x86)/atmel/studio/7.0/toolchain/arm/arm-gnu-toolchain/bin/../lib/gcc/arm-none-eabi/6.3.1/thumb/v7-m/crtn.o

.comment        0x00000000       0x59
 .comment       0x00000000       0x59 adc.o
                                 0x5a (size before relaxing)
 .comment       0x00000059       0x5a can_controller.o
 .comment       0x00000059       0x5a can_interrupt.o
 .comment       0x00000059       0x5a dac.o
 .comment       0x00000059       0x5a Device_Startup/startup_sam3xa.o
 .comment       0x00000059       0x5a Device_Startup/system_sam3xa.o
 .comment       0x00000059       0x5a main.o
 .comment       0x00000059       0x5a motorbox_interface.o
 .comment       0x00000059       0x5a PID.o
 .comment       0x00000059       0x5a printf-stdarg.o
 .comment       0x00000059       0x5a PWM.o
 .comment       0x00000059       0x5a tc_interrupt.o
 .comment       0x00000059       0x5a timer.o
 .comment       0x00000059       0x5a uart.o

.debug_info     0x00000000     0x9710
 .debug_info    0x00000000      0x61b adc.o
 .debug_info    0x0000061b      0xd68 can_controller.o
 .debug_info    0x00001383      0xfcc can_interrupt.o
 .debug_info    0x0000234f      0x585 dac.o
 .debug_info    0x000028d4      0x74e Device_Startup/startup_sam3xa.o
 .debug_info    0x00003022      0x444 Device_Startup/system_sam3xa.o
 .debug_info    0x00003466      0xf4b main.o
 .debug_info    0x000043b1     0x1341 motorbox_interface.o
 .debug_info    0x000056f2      0x2f8 PID.o
 .debug_info    0x000059ea      0x60b printf-stdarg.o
 .debug_info    0x00005ff5      0xb8b PWM.o
 .debug_info    0x00006b80     0x1898 tc_interrupt.o
 .debug_info    0x00008418      0x6ad timer.o
 .debug_info    0x00008ac5      0xc4b uart.o

.debug_abbrev   0x00000000     0x189b
 .debug_abbrev  0x00000000       0xf3 adc.o
 .debug_abbrev  0x000000f3      0x212 can_controller.o
 .debug_abbrev  0x00000305      0x2a1 can_interrupt.o
 .debug_abbrev  0x000005a6       0xfd dac.o
 .debug_abbrev  0x000006a3      0x153 Device_Startup/startup_sam3xa.o
 .debug_abbrev  0x000007f6      0x102 Device_Startup/system_sam3xa.o
 .debug_abbrev  0x000008f8      0x223 main.o
 .debug_abbrev  0x00000b1b      0x2d9 motorbox_interface.o
 .debug_abbrev  0x00000df4      0x13e PID.o
 .debug_abbrev  0x00000f32      0x194 printf-stdarg.o
 .debug_abbrev  0x000010c6      0x117 PWM.o
 .debug_abbrev  0x000011dd      0x2d0 tc_interrupt.o
 .debug_abbrev  0x000014ad      0x1b3 timer.o
 .debug_abbrev  0x00001660      0x23b uart.o

.debug_aranges  0x00000000      0x2d8
 .debug_aranges
                0x00000000       0x28 adc.o
 .debug_aranges
                0x00000028       0x38 can_controller.o
 .debug_aranges
                0x00000060       0x20 can_interrupt.o
 .debug_aranges
                0x00000080       0x28 dac.o
 .debug_aranges
                0x000000a8       0x28 Device_Startup/startup_sam3xa.o
 .debug_aranges
                0x000000d0       0x30 Device_Startup/system_sam3xa.o
 .debug_aranges
                0x00000100       0x28 main.o
 .debug_aranges
                0x00000128       0x60 motorbox_interface.o
 .debug_aranges
                0x00000188       0x30 PID.o
 .debug_aranges
                0x000001b8       0x50 printf-stdarg.o
 .debug_aranges
                0x00000208       0x28 PWM.o
 .debug_aranges
                0x00000230       0x38 tc_interrupt.o
 .debug_aranges
                0x00000268       0x38 timer.o
 .debug_aranges
                0x000002a0       0x38 uart.o

.debug_ranges   0x00000000      0x240
 .debug_ranges  0x00000000       0x18 adc.o
 .debug_ranges  0x00000018       0x28 can_controller.o
 .debug_ranges  0x00000040       0x40 can_interrupt.o
 .debug_ranges  0x00000080       0x18 dac.o
 .debug_ranges  0x00000098       0x18 Device_Startup/startup_sam3xa.o
 .debug_ranges  0x000000b0       0x20 Device_Startup/system_sam3xa.o
 .debug_ranges  0x000000d0       0x18 main.o
 .debug_ranges  0x000000e8       0x50 motorbox_interface.o
 .debug_ranges  0x00000138       0x20 PID.o
 .debug_ranges  0x00000158       0x58 printf-stdarg.o
 .debug_ranges  0x000001b0       0x18 PWM.o
 .debug_ranges  0x000001c8       0x28 tc_interrupt.o
 .debug_ranges  0x000001f0       0x28 timer.o
 .debug_ranges  0x00000218       0x28 uart.o

.debug_macro    0x00000000    0x13994
 .debug_macro   0x00000000      0x37e adc.o
 .debug_macro   0x0000037e      0x8b0 adc.o
 .debug_macro   0x00000c2e       0x22 adc.o
 .debug_macro   0x00000c50       0x87 adc.o
 .debug_macro   0x00000cd7       0x51 adc.o
 .debug_macro   0x00000d28       0xef adc.o
 .debug_macro   0x00000e17       0x6a adc.o
 .debug_macro   0x00000e81      0x1df adc.o
 .debug_macro   0x00001060       0x28 adc.o
 .debug_macro   0x00001088       0x26 adc.o
 .debug_macro   0x000010ae       0x1c adc.o
 .debug_macro   0x000010ca       0x22 adc.o
 .debug_macro   0x000010ec       0xc3 adc.o
 .debug_macro   0x000011af      0xe49 adc.o
 .debug_macro   0x00001ff8      0x11f adc.o
 .debug_macro   0x00002117      0xa7d adc.o
 .debug_macro   0x00002b94      0x55a adc.o
 .debug_macro   0x000030ee      0x1a8 adc.o
 .debug_macro   0x00003296      0x30b adc.o
 .debug_macro   0x000035a1      0x709 adc.o
 .debug_macro   0x00003caa       0xd6 adc.o
 .debug_macro   0x00003d80      0x56c adc.o
 .debug_macro   0x000042ec       0x1c adc.o
 .debug_macro   0x00004308      0x678 adc.o
 .debug_macro   0x00004980      0x51e adc.o
 .debug_macro   0x00004e9e       0xbe adc.o
 .debug_macro   0x00004f5c     0x2333 adc.o
 .debug_macro   0x0000728f      0x7d1 adc.o
 .debug_macro   0x00007a60      0xdbb adc.o
 .debug_macro   0x0000881b       0x9a adc.o
 .debug_macro   0x000088b5      0x29c adc.o
 .debug_macro   0x00008b51       0x58 adc.o
 .debug_macro   0x00008ba9      0x999 adc.o
 .debug_macro   0x00009542      0x22d adc.o
 .debug_macro   0x0000976f      0x4b4 adc.o
 .debug_macro   0x00009c23      0x64a adc.o
 .debug_macro   0x0000a26d      0x590 adc.o
 .debug_macro   0x0000a7fd       0x46 adc.o
 .debug_macro   0x0000a843      0x33f adc.o
 .debug_macro   0x0000ab82      0x27e adc.o
 .debug_macro   0x0000ae00     0x14dc adc.o
 .debug_macro   0x0000c2dc      0x7cf adc.o
 .debug_macro   0x0000caab       0x76 adc.o
 .debug_macro   0x0000cb21       0x82 adc.o
 .debug_macro   0x0000cba3       0x76 adc.o
 .debug_macro   0x0000cc19       0x4c adc.o
 .debug_macro   0x0000cc65      0x100 adc.o
 .debug_macro   0x0000cd65      0x100 adc.o
 .debug_macro   0x0000ce65      0x100 adc.o
 .debug_macro   0x0000cf65       0x88 adc.o
 .debug_macro   0x0000cfed       0x88 adc.o
 .debug_macro   0x0000d075      0x3b4 adc.o
 .debug_macro   0x0000d429       0xbe adc.o
 .debug_macro   0x0000d4e7       0xbe adc.o
 .debug_macro   0x0000d5a5       0xbe adc.o
 .debug_macro   0x0000d663       0xbe adc.o
 .debug_macro   0x0000d721      0x2b8 adc.o
 .debug_macro   0x0000d9d9      0x118 adc.o
 .debug_macro   0x0000daf1      0x216 adc.o
 .debug_macro   0x0000dd07      0x216 adc.o
 .debug_macro   0x0000df1d       0x2e adc.o
 .debug_macro   0x0000df4b       0xac adc.o
 .debug_macro   0x0000dff7      0x13e adc.o
 .debug_macro   0x0000e135       0x7c adc.o
 .debug_macro   0x0000e1b1      0x1f6 adc.o
 .debug_macro   0x0000e3a7       0x64 adc.o
 .debug_macro   0x0000e40b       0xa6 adc.o
 .debug_macro   0x0000e4b1       0x7c adc.o
 .debug_macro   0x0000e52d       0x16 adc.o
 .debug_macro   0x0000e543       0x22 adc.o
 .debug_macro   0x0000e565       0x22 adc.o
 .debug_macro   0x0000e587      0x10c adc.o
 .debug_macro   0x0000e693      0x10c adc.o
 .debug_macro   0x0000e79f      0x10c adc.o
 .debug_macro   0x0000e8ab      0x10c adc.o
 .debug_macro   0x0000e9b7       0x1c adc.o
 .debug_macro   0x0000e9d3       0x2e adc.o
 .debug_macro   0x0000ea01       0x22 adc.o
 .debug_macro   0x0000ea23       0x1c adc.o
 .debug_macro   0x0000ea3f       0x58 adc.o
 .debug_macro   0x0000ea97       0x10 adc.o
 .debug_macro   0x0000eaa7      0x27a adc.o
 .debug_macro   0x0000ed21      0xd34 adc.o
 .debug_macro   0x0000fa55      0x170 adc.o
 .debug_macro   0x0000fbc5      0x390 can_controller.o
 .debug_macro   0x0000ff55       0x3a can_controller.o
 .debug_macro   0x0000ff8f       0x58 can_controller.o
 .debug_macro   0x0000ffe7       0x10 can_controller.o
 .debug_macro   0x0000fff7      0x57e can_interrupt.o
 .debug_macro   0x00010575       0x20 can_interrupt.o
 .debug_macro   0x00010595       0x28 can_interrupt.o
 .debug_macro   0x000105bd       0x58 can_interrupt.o
 .debug_macro   0x00010615       0x35 can_interrupt.o
 .debug_macro   0x0001064a       0x9c can_interrupt.o
 .debug_macro   0x000106e6       0x16 can_interrupt.o
 .debug_macro   0x000106fc       0x97 can_interrupt.o
 .debug_macro   0x00010793      0x34d can_interrupt.o
 .debug_macro   0x00010ae0       0xf6 can_interrupt.o
 .debug_macro   0x00010bd6       0x10 can_interrupt.o
 .debug_macro   0x00010be6       0x58 can_interrupt.o
 .debug_macro   0x00010c3e       0x1f can_interrupt.o
 .debug_macro   0x00010c5d       0x43 can_interrupt.o
 .debug_macro   0x00010ca0       0x20 can_interrupt.o
 .debug_macro   0x00010cc0      0x187 can_interrupt.o
 .debug_macro   0x00010e47       0x10 can_interrupt.o
 .debug_macro   0x00010e57       0x1c can_interrupt.o
 .debug_macro   0x00010e73       0x52 can_interrupt.o
 .debug_macro   0x00010ec5       0x40 can_interrupt.o
 .debug_macro   0x00010f05       0x10 can_interrupt.o
 .debug_macro   0x00010f15       0x40 can_interrupt.o
 .debug_macro   0x00010f55       0xd7 can_interrupt.o
 .debug_macro   0x0001102c       0x16 can_interrupt.o
 .debug_macro   0x00011042      0x18b can_interrupt.o
 .debug_macro   0x000111cd       0x4c can_interrupt.o
 .debug_macro   0x00011219       0x10 can_interrupt.o
 .debug_macro   0x00011229       0x16 can_interrupt.o
 .debug_macro   0x0001123f       0x16 can_interrupt.o
 .debug_macro   0x00011255       0x35 can_interrupt.o
 .debug_macro   0x0001128a       0x16 can_interrupt.o
 .debug_macro   0x000112a0       0x29 can_interrupt.o
 .debug_macro   0x000112c9      0x37e dac.o
 .debug_macro   0x00011647      0x371 Device_Startup/startup_sam3xa.o
 .debug_macro   0x000119b8      0x383 Device_Startup/system_sam3xa.o
 .debug_macro   0x00011d3b      0x59f main.o
 .debug_macro   0x000122da       0x2e main.o
 .debug_macro   0x00012308      0x563 motorbox_interface.o
 .debug_macro   0x0001286b       0x8f PID.o
 .debug_macro   0x000128fa       0x98 printf-stdarg.o
 .debug_macro   0x00012992      0x389 PWM.o
 .debug_macro   0x00012d1b      0x575 tc_interrupt.o
 .debug_macro   0x00013290      0x390 timer.o
 .debug_macro   0x00013620      0x374 uart.o

.debug_line     0x00000000     0x669c
 .debug_line    0x00000000      0x71e adc.o
 .debug_line    0x0000071e      0x7f4 can_controller.o
 .debug_line    0x00000f12      0x91c can_interrupt.o
 .debug_line    0x0000182e      0x723 dac.o
 .debug_line    0x00001f51      0x728 Device_Startup/startup_sam3xa.o
 .debug_line    0x00002679      0x785 Device_Startup/system_sam3xa.o
 .debug_line    0x00002dfe      0x904 main.o
 .debug_line    0x00003702      0x9a5 motorbox_interface.o
 .debug_line    0x000040a7      0x2a1 PID.o
 .debug_line    0x00004348      0x3de printf-stdarg.o
 .debug_line    0x00004726      0x726 PWM.o
 .debug_line    0x00004e4c      0x977 tc_interrupt.o
 .debug_line    0x000057c3      0x770 timer.o
 .debug_line    0x00005f33      0x769 uart.o

.debug_str      0x00000000    0x55ad1
 .debug_str     0x00000000    0x5014b adc.o
                              0x502f2 (size before relaxing)
 .debug_str     0x0005014b      0x7cc can_controller.o
                              0x508ac (size before relaxing)
 .debug_str     0x00050917     0x42a7 can_interrupt.o
                              0x549d7 (size before relaxing)
 .debug_str     0x00054bbe       0xe3 dac.o
                              0x502b7 (size before relaxing)
 .debug_str     0x00054ca1      0x506 Device_Startup/startup_sam3xa.o
                              0x504c8 (size before relaxing)
 .debug_str     0x000551a7      0x195 Device_Startup/system_sam3xa.o
                              0x5025b (size before relaxing)
 .debug_str     0x0005533c      0x107 main.o
                              0x548f2 (size before relaxing)
 .debug_str     0x00055443       0xf7 motorbox_interface.o
                              0x549db (size before relaxing)
 .debug_str     0x0005553a       0x8e PID.o
                               0x3685 (size before relaxing)
 .debug_str     0x000555c8       0xac printf-stdarg.o
                               0x365f (size before relaxing)
 .debug_str     0x00055674      0x1f1 PWM.o
                              0x5063a (size before relaxing)
 .debug_str     0x00055865      0x12a tc_interrupt.o
                              0x54dac (size before relaxing)
 .debug_str     0x0005598f       0x3f timer.o
                              0x504ba (size before relaxing)
 .debug_str     0x000559ce      0x103 uart.o
                              0x506a5 (size before relaxing)

.debug_frame    0x00000000      0xac8
 .debug_frame   0x00000000       0x30 adc.o
 .debug_frame   0x00000030       0x80 can_controller.o
 .debug_frame   0x000000b0       0x30 can_interrupt.o
 .debug_frame   0x000000e0       0x38 dac.o
 .debug_frame   0x00000118       0x38 Device_Startup/startup_sam3xa.o
 .debug_frame   0x00000150       0x40 Device_Startup/system_sam3xa.o
 .debug_frame   0x00000190       0x3c main.o
 .debug_frame   0x000001cc       0xd8 motorbox_interface.o
 .debug_frame   0x000002a4       0x60 PID.o
 .debug_frame   0x00000304      0x124 printf-stdarg.o
 .debug_frame   0x00000428       0x3c PWM.o
 .debug_frame   0x00000464       0x74 tc_interrupt.o
 .debug_frame   0x000004d8       0x60 timer.o
 .debug_frame   0x00000538       0x58 uart.o
 .debug_frame   0x00000590       0xac c:/program files (x86)/atmel/studio/7.0/toolchain/arm/arm-gnu-toolchain/bin/../lib/gcc/arm-none-eabi/6.3.1/thumb/v7-m\libgcc.a(_arm_addsubdf3.o)
 .debug_frame   0x0000063c       0x50 c:/program files (x86)/atmel/studio/7.0/toolchain/arm/arm-gnu-toolchain/bin/../lib/gcc/arm-none-eabi/6.3.1/thumb/v7-m\libgcc.a(_arm_muldivdf3.o)
 .debug_frame   0x0000068c       0xc4 c:/program files (x86)/atmel/studio/7.0/toolchain/arm/arm-gnu-toolchain/bin/../lib/gcc/arm-none-eabi/6.3.1/thumb/v7-m\libgcc.a(_arm_cmpdf2.o)
 .debug_frame   0x00000750       0x24 c:/program files (x86)/atmel/studio/7.0/toolchain/arm/arm-gnu-toolchain/bin/../lib/gcc/arm-none-eabi/6.3.1/thumb/v7-m\libgcc.a(_arm_fixunsdfsi.o)
 .debug_frame   0x00000774       0x4c c:/program files (x86)/atmel/studio/7.0/toolchain/arm/arm-gnu-toolchain/bin/../lib/gcc/arm-none-eabi/6.3.1/thumb/v7-m\libgcc.a(_arm_addsubsf3.o)
 .debug_frame   0x000007c0       0x38 c:/program files (x86)/atmel/studio/7.0/toolchain/arm/arm-gnu-toolchain/bin/../lib/gcc/arm-none-eabi/6.3.1/thumb/v7-m\libgcc.a(_arm_muldivsf3.o)
 .debug_frame   0x000007f8       0xc8 c:/program files (x86)/atmel/studio/7.0/toolchain/arm/arm-gnu-toolchain/bin/../lib/gcc/arm-none-eabi/6.3.1/thumb/v7-m\libgcc.a(_arm_cmpsf2.o)
 .debug_frame   0x000008c0       0x24 c:/program files (x86)/atmel/studio/7.0/toolchain/arm/arm-gnu-toolchain/bin/../lib/gcc/arm-none-eabi/6.3.1/thumb/v7-m\libgcc.a(_arm_fixsfsi.o)
 .debug_frame   0x000008e4       0x24 c:/program files (x86)/atmel/studio/7.0/toolchain/arm/arm-gnu-toolchain/bin/../lib/gcc/arm-none-eabi/6.3.1/thumb/v7-m\libgcc.a(_arm_fixunssfsi.o)
 .debug_frame   0x00000908       0x2c c:/program files (x86)/atmel/studio/7.0/toolchain/arm/arm-gnu-toolchain/bin/../lib/gcc/arm-none-eabi/6.3.1/../../../../arm-none-eabi/lib/thumb/v7-m\libc.a(lib_a-init.o)
 .debug_frame   0x00000934       0x5c c:/program files (x86)/atmel/studio/7.0/toolchain/arm/arm-gnu-toolchain/bin/../lib/gcc/arm-none-eabi/6.3.1/../../../../arm-none-eabi/lib/thumb/v7-m\libc.a(lib_a-__call_atexit.o)
 .debug_frame   0x00000990       0x20 c:/program files (x86)/atmel/studio/7.0/toolchain/arm/arm-gnu-toolchain/bin/../lib/gcc/arm-none-eabi/6.3.1/../../../../arm-none-eabi/lib/thumb/v7-m\libc.a(lib_a-atexit.o)
 .debug_frame   0x000009b0       0x34 c:/program files (x86)/atmel/studio/7.0/toolchain/arm/arm-gnu-toolchain/bin/../lib/gcc/arm-none-eabi/6.3.1/../../../../arm-none-eabi/lib/thumb/v7-m\libc.a(lib_a-fini.o)
 .debug_frame   0x000009e4       0xb0 c:/program files (x86)/atmel/studio/7.0/toolchain/arm/arm-gnu-toolchain/bin/../lib/gcc/arm-none-eabi/6.3.1/../../../../arm-none-eabi/lib/thumb/v7-m\libc.a(lib_a-lock.o)
 .debug_frame   0x00000a94       0x34 c:/program files (x86)/atmel/studio/7.0/toolchain/arm/arm-gnu-toolchain/bin/../lib/gcc/arm-none-eabi/6.3.1/../../../../arm-none-eabi/lib/thumb/v7-m\libc.a(lib_a-__atexit.o)

.debug_loc      0x00000000     0x1395
 .debug_loc     0x00000000      0x2b5 can_controller.o
 .debug_loc     0x000002b5       0x78 can_interrupt.o
 .debug_loc     0x0000032d       0x20 dac.o
 .debug_loc     0x0000034d       0x78 Device_Startup/startup_sam3xa.o
 .debug_loc     0x000003c5       0x2c main.o
 .debug_loc     0x000003f1      0x123 motorbox_interface.o
 .debug_loc     0x00000514      0x21a PID.o
 .debug_loc     0x0000072e      0x8d2 printf-stdarg.o
 .debug_loc     0x00001000       0x58 PWM.o
 .debug_loc     0x00001058      0x1a3 tc_interrupt.o
 .debug_loc     0x000011fb       0xcc timer.o
 .debug_loc     0x000012c7       0xce uart.o
